// Jest Snapshot v1, https://goo.gl/fbAQLP

exports[`App should render App component correctly 1`] = `
<App>
  <div
    className="App"
  >
    <header
      className="App-header"
    >
      <p>
        SpaceX Launch Programs
      </p>
    </header>
    <main
      className="App-main"
    >
      <Filter>
        <div
          className="Filter-div"
        >
          <h1>
            Filters
          </h1>
          <LaunchYear>
            <div
              className="LaunchYear-div"
            >
              <h2>
                Launch Year
              </h2>
              <div
                className="year-button-div"
              >
                <button
                  onClick={[Function]}
                  value={2006}
                >
                  2006
                </button>
                <button
                  onClick={[Function]}
                  value={2007}
                >
                  2007
                </button>
                <button
                  onClick={[Function]}
                  value={2008}
                >
                  2008
                </button>
                <button
                  onClick={[Function]}
                  value={2009}
                >
                  2009
                </button>
                <button
                  onClick={[Function]}
                  value={2010}
                >
                  2010
                </button>
                <button
                  onClick={[Function]}
                  value={2011}
                >
                  2011
                </button>
                <button
                  onClick={[Function]}
                  value={2012}
                >
                  2012
                </button>
                <button
                  onClick={[Function]}
                  value={2013}
                >
                  2013
                </button>
                <button
                  onClick={[Function]}
                  value={2014}
                >
                  2014
                </button>
                <button
                  onClick={[Function]}
                  value={2015}
                >
                  2015
                </button>
                <button
                  onClick={[Function]}
                  value={2016}
                >
                  2016
                </button>
                <button
                  onClick={[Function]}
                  value={2017}
                >
                  2017
                </button>
                <button
                  onClick={[Function]}
                  value={2018}
                >
                  2018
                </button>
                <button
                  onClick={[Function]}
                  value={2019}
                >
                  2019
                </button>
                <button
                  onClick={[Function]}
                  value={2020}
                >
                  2020
                </button>
              </div>
            </div>
          </LaunchYear>
          <SuccessfulLaunch>
            <div
              className="SuccessfulLanding-div"
            >
              <h2>
                Successful Launch
              </h2>
              <BooleanButton
                value="launch_success"
              >
                <div
                  className="boolean-button-div"
                >
                  <button
                    onClick={[Function]}
                    value="true"
                  >
                    TRUE
                  </button>
                  <button
                    onClick={[Function]}
                    value="false"
                  >
                    FALSE
                  </button>
                </div>
              </BooleanButton>
            </div>
          </SuccessfulLaunch>
          <SuccessfulLanding>
            <div
              className="SuccessfulLanding-div"
            >
              <h2>
                Successful Landing
              </h2>
              <BooleanButton
                value="land_success"
              >
                <div
                  className="boolean-button-div"
                >
                  <button
                    onClick={[Function]}
                    value="true"
                  >
                    TRUE
                  </button>
                  <button
                    onClick={[Function]}
                    value="false"
                  >
                    FALSE
                  </button>
                </div>
              </BooleanButton>
            </div>
          </SuccessfulLanding>
        </div>
      </Filter>
      <LaunchData>
        <div
          className="LaunchData-div"
        />
      </LaunchData>
    </main>
    <footer
      className="App-footer"
    >
      Developed By: Kunark Khewal
    </footer>
  </div>
</App>
`;
